<!DOCTYPE html>
<html lang="en">

<head>
   <meta charset="UTF-8">
   <meta name="viewport" content="width=device-width, initial-scale=1.0">
   <link rel="stylesheet" href="css/style.css">
   <title>Golden-One</title>
</head>

<body>
   <div class="container">
      <header>
         <div class="header">
            <nav>
               <div class="header__nav">
                  <div class="header__logo"><a href="#"><img src="img/logo.png" alt=""></a></div>
                  <div class="header__nav_menu">
                     <ul>
                        <li><a href="#">Home</a></li>
                        <li><a href="#">Services</a></li>
                        <li><a href="#">Portfolio</a></li>
                        <li><a href="#">About</a></li>
                        <li><a href="#">Contact</a></li>
                     </ul>
                  </div>

               </div>
            </nav>
            <div class="header__main">
               <div class="header__main_name">Welcome To Our Studio!</div>
               <div class="header__main_text">Itâ€™s nice to Meet you</div>
               <div class="header__main_btn">Tell Me More</div>
            </div>
         </div>
      </header>
      <div class="slider1">

         <div class="slider1__name">Services</div>
         <div class="slider1__text">Proin iaculis purus consequat sem cure. </div>
         <div class="slider1__main">
            <div class="slider1__main_block">
               <div class="slider1__main_block_logo"><img src="img/icons/icon1.png.png" alt=""></div>
               <div class="slider1__main_block_name">E-Commerce</div>
               <div class="slider1__main_block_text">
                  <p>Proin iaculis purus consequat sem cure</p>
                  <p>digni ssim. Donec porttitora entum suscipit</p>
                  <p>aenean rhoncus posuere odio in tincidunt.</p>
               </div>
            </div>
            <div class="slider1__main_block">
               <div class="slider1__main_block_logo"><img src="img/icons/icon1.png.png" alt=""></div>
               <div class="slider1__main_block_name">Responsive Web</div>
               <div class="slider1__main_block_text">
                  <p>Proin iaculis purus consequat sem cure</p>
                  <p>digni ssim. Donec porttitora entum suscipit</p>
                  <p>aenean rhoncus posuere odio in tincidunt.</p>
               </div>
            </div>
            <div class="slider1__main_block">
               <div class="slider1__main_block_logo"><img src="img/icons/icon1.png.png" alt=""></div>
               <div class="slider1__main_block_name">Web Security</div>
               <div class="slider1__main_block_text">
                  <p>Proin iaculis purus consequat sem cure</p>
                  <p>digni ssim. Donec porttitora entum suscipit</p>
                  <p>aenean rhoncus posuere odio in tincidunt.</p>
               </div>
            </div>
         </div>
      </div>
      <div class="slider2">
         <div class="slider2__name">Our portfolio</div>
         <div class="slider2__text">Proin iaculis purus consequat sem cure. </div>
         <div class="slider2__main">
            <div class="slider2__main_block"><img src="img/img1.jpg.jpg" alt=""></div>
            <div class="slider2__main_block"><img src="img/img2.jpg.png" alt=""></div>
            <div class="slider2__main_block"><img src="img/img3.jpg.png" alt=""></div>
         </div>

      </div>
      <div class="slider3">
         <div class="slider3__name">About Us</div>
         <div class="slider3__text">Proin iaculis purus consequat sem cure. </div>
         <div class="slider3__main">
            <div class="slider3__main_block">
               <div class="slider3__block_left">
                  <div class="slider3__main_block_name">
                     <p>July 2010</p>
                     <p>Our Humble Beginnings</p>
                  </div>
                  <div class="slider3__main_block_text">
                     <p>Proin iaculis purus consequat sem cure </p>
                     <p>digni ssim. Donec porttitora entum suscipit </p>
                     <p>aenean rhoncus posuere odio in tincidunt. Proin</p>
                     <p>iaculis purus consequat sem cure digni </p>
                     <p>ssim. Donec porttitora entum suscipit.</p>
                  </div>
               </div>
               <div class="slider3__main_right">
                  <div class="slider3__main_block_logo"><img src="img/slider3/about1.jpg.jpg" alt=""></div>
               </div>
            </div>
            <div class="slider3__main_block blockn2">
               <div class="slider3__main_right">
                  <div class="slider3__main_block_logo"><img src="img/slider3/about2.jpg.jpg" alt=""></div>
               </div>
               <div class="slider3__block_left">
                  <div class="slider3__main_block_name block2">
                     <p>January 2011</p>
                     <p>
                        Facing Startup Battles
                     </p>
                  </div>
                  <div class="slider3__main_block_text block2">
                     <p>Proin iaculis purus consequat sem cure </p>
                     <p>digni ssim. Donec porttitora entum suscipit </p>
                     <p>aenean rhoncus posuere odio in tincidunt. Proin</p>
                     <p>iaculis purus consequat sem cure digni </p>
                     <p>ssim. Donec porttitora entum suscipit.</p>
                  </div>
               </div>

            </div>
            <div class="slider3__main_block">
               <div class="slider3__block_left">
                  <div class="slider3__main_block_name">
                     <p>December 2012

                     </p>
                     <p>Enter The Dark Days</p>
                  </div>
                  <div class="slider3__main_block_text">
                     <p>Proin iaculis purus consequat sem cure </p>
                     <p>digni ssim. Donec porttitora entum suscipit </p>
                     <p>aenean rhoncus posuere odio in tincidunt. Proin</p>
                     <p>iaculis purus consequat sem cure digni </p>
                     <p>ssim. Donec porttitora entum suscipit.</p>
                  </div>
               </div>
               <div class="slider3__main_right">
                  <div class="slider3__main_block_logo"><img src="img/slider3/about3.jpg.jpg" alt=""></div>
               </div>
            </div>
            <div class="slider3__main_block blockn2">
               <div class="slider3__main_right">
                  <div class="slider3__main_block_logo"><img src="img/slider3/about4.jpg.jpg" alt=""></div>
               </div>
               <div class="slider3__block_left">
                  <div class="slider3__main_block_name block2">
                     <p>February 2014
                     </p>
                     <p>Our Triumph</p>
                  </div>
                  <div class="slider3__main_block_text block2">
                     <p>Proin iaculis purus consequat sem cure </p>
                     <p>digni ssim. Donec porttitora entum suscipit </p>
                     <p>aenean rhoncus posuere odio in tincidunt. Proin</p>
                     <p>iaculis purus consequat sem cure digni </p>
                     <p>ssim. Donec porttitora entum suscipit.</p>
                  </div>
               </div>

            </div>
         </div>
      </div>
      <div class="footer">
         <div class="footer__text">&copy; Copyright 2014 FreebiesXpress.com</div>
      </div>
   </div>
</body>

</html>